// Jest Snapshot v1, https://goo.gl/fbAQLP

exports[`Component Login Should match with snapshot 1`] = `
{
  "asFragment": [Function],
  "baseElement": <body>
    <div>
      <div
        class="login"
        data-testid="login-form"
      >
        <div
          class="loginContent"
        >
          <h1
            class="title"
          >
            Masuk
          </h1>
          <form>
            <div>
              <div
                class="input"
                data-testid="input-container"
              >
                <div
                  class="label"
                  data-testid="input-label"
                >
                  Email
                  <span>
                    *
                  </span>
                </div>
                <div
                  class="contentInput"
                >
                  <input
                    data-testid="input"
                    id="email"
                    name="email"
                    placeholder="E-mail"
                    type="text"
                    value=""
                  />
                </div>
              </div>
            </div>
            <div>
              <div
                class="input"
                data-testid="input-container"
              >
                <div
                  class="label"
                  data-testid="input-label"
                >
                  Password
                  <span>
                    *
                  </span>
                </div>
                <div
                  class="contentInput"
                >
                  <input
                    data-testid="input"
                    id="password"
                    name="password"
                    placeholder="Password"
                    type="password"
                    value=""
                  />
                  <div
                    data-testid="visibility-icon"
                  >
                    <svg
                      aria-hidden="true"
                      class="MuiSvgIcon-root MuiSvgIcon-fontSizeMedium icon css-i4bv87-MuiSvgIcon-root"
                      data-testid="VisibilityIcon"
                      focusable="false"
                      viewBox="0 0 24 24"
                    >
                      <path
                        d="M12 4.5C7 4.5 2.73 7.61 1 12c1.73 4.39 6 7.5 11 7.5s9.27-3.11 11-7.5c-1.73-4.39-6-7.5-11-7.5zM12 17c-2.76 0-5-2.24-5-5s2.24-5 5-5 5 2.24 5 5-2.24 5-5 5zm0-8c-1.66 0-3 1.34-3 3s1.34 3 3 3 3-1.34 3-3-1.34-3-3-3z"
                      />
                    </svg>
                  </div>
                </div>
              </div>
            </div>
            <div
              class="btnContainer"
            >
              <button
                class="btn btn"
                data-testid="btn"
                type="submit"
              >
                Masuk
              </button>
            </div>
          </form>
        </div>
      </div>
    </div>
  </body>,
  "container": <div>
    <div
      class="login"
      data-testid="login-form"
    >
      <div
        class="loginContent"
      >
        <h1
          class="title"
        >
          Masuk
        </h1>
        <form>
          <div>
            <div
              class="input"
              data-testid="input-container"
            >
              <div
                class="label"
                data-testid="input-label"
              >
                Email
                <span>
                  *
                </span>
              </div>
              <div
                class="contentInput"
              >
                <input
                  data-testid="input"
                  id="email"
                  name="email"
                  placeholder="E-mail"
                  type="text"
                  value=""
                />
              </div>
            </div>
          </div>
          <div>
            <div
              class="input"
              data-testid="input-container"
            >
              <div
                class="label"
                data-testid="input-label"
              >
                Password
                <span>
                  *
                </span>
              </div>
              <div
                class="contentInput"
              >
                <input
                  data-testid="input"
                  id="password"
                  name="password"
                  placeholder="Password"
                  type="password"
                  value=""
                />
                <div
                  data-testid="visibility-icon"
                >
                  <svg
                    aria-hidden="true"
                    class="MuiSvgIcon-root MuiSvgIcon-fontSizeMedium icon css-i4bv87-MuiSvgIcon-root"
                    data-testid="VisibilityIcon"
                    focusable="false"
                    viewBox="0 0 24 24"
                  >
                    <path
                      d="M12 4.5C7 4.5 2.73 7.61 1 12c1.73 4.39 6 7.5 11 7.5s9.27-3.11 11-7.5c-1.73-4.39-6-7.5-11-7.5zM12 17c-2.76 0-5-2.24-5-5s2.24-5 5-5 5 2.24 5 5-2.24 5-5 5zm0-8c-1.66 0-3 1.34-3 3s1.34 3 3 3 3-1.34 3-3-1.34-3-3-3z"
                    />
                  </svg>
                </div>
              </div>
            </div>
          </div>
          <div
            class="btnContainer"
          >
            <button
              class="btn btn"
              data-testid="btn"
              type="submit"
            >
              Masuk
            </button>
          </div>
        </form>
      </div>
    </div>
  </div>,
  "debug": [Function],
  "findAllByAltText": [Function],
  "findAllByDisplayValue": [Function],
  "findAllByLabelText": [Function],
  "findAllByPlaceholderText": [Function],
  "findAllByRole": [Function],
  "findAllByTestId": [Function],
  "findAllByText": [Function],
  "findAllByTitle": [Function],
  "findByAltText": [Function],
  "findByDisplayValue": [Function],
  "findByLabelText": [Function],
  "findByPlaceholderText": [Function],
  "findByRole": [Function],
  "findByTestId": [Function],
  "findByText": [Function],
  "findByTitle": [Function],
  "getAllByAltText": [Function],
  "getAllByDisplayValue": [Function],
  "getAllByLabelText": [Function],
  "getAllByPlaceholderText": [Function],
  "getAllByRole": [Function],
  "getAllByTestId": [Function],
  "getAllByText": [Function],
  "getAllByTitle": [Function],
  "getByAltText": [Function],
  "getByDisplayValue": [Function],
  "getByLabelText": [Function],
  "getByPlaceholderText": [Function],
  "getByRole": [Function],
  "getByTestId": [Function],
  "getByText": [Function],
  "getByTitle": [Function],
  "queryAllByAltText": [Function],
  "queryAllByDisplayValue": [Function],
  "queryAllByLabelText": [Function],
  "queryAllByPlaceholderText": [Function],
  "queryAllByRole": [Function],
  "queryAllByTestId": [Function],
  "queryAllByText": [Function],
  "queryAllByTitle": [Function],
  "queryByAltText": [Function],
  "queryByDisplayValue": [Function],
  "queryByLabelText": [Function],
  "queryByPlaceholderText": [Function],
  "queryByRole": [Function],
  "queryByTestId": [Function],
  "queryByText": [Function],
  "queryByTitle": [Function],
  "rerender": [Function],
  "unmount": [Function],
}
`;
