// Jest Snapshot v1, https://goo.gl/fbAQLP

exports[`Receipts Component Should match with snapshot 1`] = `<DocumentFragment />`;
