// Jest Snapshot v1, https://goo.gl/fbAQLP

exports[`Component Forgot Password Should match with snapshot 1`] = `
{
  "asFragment": [Function],
  "baseElement": <body>
    <div>
      <div
        class="formEmail"
      >
        <img
          alt="forgot-password"
          class="image"
        />
        <div
          class="form"
        >
          <div
            class="title"
          >
            Lupa Password
          </div>
          <form>
            <div>
              <div
                class="input"
                data-testid="input-container"
              >
                <div
                  class="label"
                  data-testid="input-label"
                >
                  Email
                  <span>
                    *
                  </span>
                </div>
                <div
                  class="contentInput"
                >
                  <input
                    data-testid="input"
                    id="email"
                    name="email"
                    placeholder="E-mail"
                    type="text"
                    value=""
                  />
                </div>
              </div>
            </div>
            <button
              class="btn btn"
              data-testid="btn"
              type="submit"
            >
              Kirim
            </button>
          </form>
        </div>
      </div>
    </div>
  </body>,
  "container": <div>
    <div
      class="formEmail"
    >
      <img
        alt="forgot-password"
        class="image"
      />
      <div
        class="form"
      >
        <div
          class="title"
        >
          Lupa Password
        </div>
        <form>
          <div>
            <div
              class="input"
              data-testid="input-container"
            >
              <div
                class="label"
                data-testid="input-label"
              >
                Email
                <span>
                  *
                </span>
              </div>
              <div
                class="contentInput"
              >
                <input
                  data-testid="input"
                  id="email"
                  name="email"
                  placeholder="E-mail"
                  type="text"
                  value=""
                />
              </div>
            </div>
          </div>
          <button
            class="btn btn"
            data-testid="btn"
            type="submit"
          >
            Kirim
          </button>
        </form>
      </div>
    </div>
  </div>,
  "debug": [Function],
  "findAllByAltText": [Function],
  "findAllByDisplayValue": [Function],
  "findAllByLabelText": [Function],
  "findAllByPlaceholderText": [Function],
  "findAllByRole": [Function],
  "findAllByTestId": [Function],
  "findAllByText": [Function],
  "findAllByTitle": [Function],
  "findByAltText": [Function],
  "findByDisplayValue": [Function],
  "findByLabelText": [Function],
  "findByPlaceholderText": [Function],
  "findByRole": [Function],
  "findByTestId": [Function],
  "findByText": [Function],
  "findByTitle": [Function],
  "getAllByAltText": [Function],
  "getAllByDisplayValue": [Function],
  "getAllByLabelText": [Function],
  "getAllByPlaceholderText": [Function],
  "getAllByRole": [Function],
  "getAllByTestId": [Function],
  "getAllByText": [Function],
  "getAllByTitle": [Function],
  "getByAltText": [Function],
  "getByDisplayValue": [Function],
  "getByLabelText": [Function],
  "getByPlaceholderText": [Function],
  "getByRole": [Function],
  "getByTestId": [Function],
  "getByText": [Function],
  "getByTitle": [Function],
  "queryAllByAltText": [Function],
  "queryAllByDisplayValue": [Function],
  "queryAllByLabelText": [Function],
  "queryAllByPlaceholderText": [Function],
  "queryAllByRole": [Function],
  "queryAllByTestId": [Function],
  "queryAllByText": [Function],
  "queryAllByTitle": [Function],
  "queryByAltText": [Function],
  "queryByDisplayValue": [Function],
  "queryByLabelText": [Function],
  "queryByPlaceholderText": [Function],
  "queryByRole": [Function],
  "queryByTestId": [Function],
  "queryByText": [Function],
  "queryByTitle": [Function],
  "rerender": [Function],
  "unmount": [Function],
}
`;
