// Jest Snapshot v1, https://goo.gl/fbAQLP

exports[`Navbar Component Should match with snapshot 1`] = `
{
  "asFragment": [Function],
  "baseElement": <body>
    <div>
      <div
        class="headerWrapper"
        data-testid="navbar"
      >
        <div
          class="contentWrapper"
        >
          <div
            class="logoImage"
          >
            <img
              alt="logo"
              class="logo"
              src="/logoPlayZone.png"
            />
            <div
              class="title"
            >
              PlayZone Pro
            </div>
          </div>
          <div
            class="rightContent"
          >
            <div
              class="menus"
            >
              <button
                class="btn"
                data-testid="btn"
                type="submit"
              >
                Masuk
              </button>
              <button
                class="btn"
                data-testid="btn"
                type="submit"
              >
                Masuk sebagai Mitra
              </button>
            </div>
            <div
              class="toolbar"
            >
              <div>
                <svg
                  aria-hidden="true"
                  class="MuiSvgIcon-root MuiSvgIcon-fontSizeMedium toggle css-i4bv87-MuiSvgIcon-root"
                  data-testid="MenuIcon"
                  focusable="false"
                  viewBox="0 0 24 24"
                >
                  <path
                    d="M3 18h18v-2H3v2zm0-5h18v-2H3v2zm0-7v2h18V6H3z"
                  />
                </svg>
              </div>
            </div>
          </div>
        </div>
      </div>
    </div>
  </body>,
  "container": <div>
    <div
      class="headerWrapper"
      data-testid="navbar"
    >
      <div
        class="contentWrapper"
      >
        <div
          class="logoImage"
        >
          <img
            alt="logo"
            class="logo"
            src="/logoPlayZone.png"
          />
          <div
            class="title"
          >
            PlayZone Pro
          </div>
        </div>
        <div
          class="rightContent"
        >
          <div
            class="menus"
          >
            <button
              class="btn"
              data-testid="btn"
              type="submit"
            >
              Masuk
            </button>
            <button
              class="btn"
              data-testid="btn"
              type="submit"
            >
              Masuk sebagai Mitra
            </button>
          </div>
          <div
            class="toolbar"
          >
            <div>
              <svg
                aria-hidden="true"
                class="MuiSvgIcon-root MuiSvgIcon-fontSizeMedium toggle css-i4bv87-MuiSvgIcon-root"
                data-testid="MenuIcon"
                focusable="false"
                viewBox="0 0 24 24"
              >
                <path
                  d="M3 18h18v-2H3v2zm0-5h18v-2H3v2zm0-7v2h18V6H3z"
                />
              </svg>
            </div>
          </div>
        </div>
      </div>
    </div>
  </div>,
  "debug": [Function],
  "findAllByAltText": [Function],
  "findAllByDisplayValue": [Function],
  "findAllByLabelText": [Function],
  "findAllByPlaceholderText": [Function],
  "findAllByRole": [Function],
  "findAllByTestId": [Function],
  "findAllByText": [Function],
  "findAllByTitle": [Function],
  "findByAltText": [Function],
  "findByDisplayValue": [Function],
  "findByLabelText": [Function],
  "findByPlaceholderText": [Function],
  "findByRole": [Function],
  "findByTestId": [Function],
  "findByText": [Function],
  "findByTitle": [Function],
  "getAllByAltText": [Function],
  "getAllByDisplayValue": [Function],
  "getAllByLabelText": [Function],
  "getAllByPlaceholderText": [Function],
  "getAllByRole": [Function],
  "getAllByTestId": [Function],
  "getAllByText": [Function],
  "getAllByTitle": [Function],
  "getByAltText": [Function],
  "getByDisplayValue": [Function],
  "getByLabelText": [Function],
  "getByPlaceholderText": [Function],
  "getByRole": [Function],
  "getByTestId": [Function],
  "getByText": [Function],
  "getByTitle": [Function],
  "queryAllByAltText": [Function],
  "queryAllByDisplayValue": [Function],
  "queryAllByLabelText": [Function],
  "queryAllByPlaceholderText": [Function],
  "queryAllByRole": [Function],
  "queryAllByTestId": [Function],
  "queryAllByText": [Function],
  "queryAllByTitle": [Function],
  "queryByAltText": [Function],
  "queryByDisplayValue": [Function],
  "queryByLabelText": [Function],
  "queryByPlaceholderText": [Function],
  "queryByRole": [Function],
  "queryByTestId": [Function],
  "queryByText": [Function],
  "queryByTitle": [Function],
  "rerender": [Function],
  "unmount": [Function],
}
`;
